<html>
<body>
<pre>
<h1>礦ision Build Log</h1>
<h2>Tool Versions:</h2>
IDE-Version: μVision V5.18.0.0
Copyright (C) 2016 ARM Ltd and ARM Germany GmbH. All rights reserved.
License Information: 1 lenovo, 1, LIC=YA39H-W65G1-ARMXW-Q0NKJ-4NU0H-4GA8C
 
Tool Versions:
Toolchain:       MDK-ARM Standard  Version: 5.18
Toolchain Path:  E:\keil5\ARM\ARMCC\Bin
C Compiler:      Armcc.exe V5.06 update 1 (build 61)
Assembler:       Armasm.exe V5.06 update 1 (build 61)
Linker/Locator:  ArmLink.exe V5.06 update 1 (build 61)
Library Manager: ArmAr.exe V5.06 update 1 (build 61)
Hex Converter:   FromElf.exe V5.06 update 1 (build 61)
CPU DLL:         SARMCM3.DLL V5.18
Dialog DLL:      DCM.DLL V1.13.6.0
Target DLL:      STLink\ST-LINKIII-KEIL_SWO.dll V2.0.18.0
Dialog DLL:      TCM.DLL V1.14.8.0
 
<h2>Project:</h2>
D:\fireClass\Project\qianrushi\1.0\MDK-ARM\LTDC.uvprojx
Project File Date:  06/07/2022

<h2>Output:</h2>
*** Using Compiler 'V5.06 update 1 (build 61)', folder: 'E:\keil5\ARM\ARMCC\Bin'
Build target 'LTDC'
assembling startup_stm32f429xx.s...
compiling lcd_fonts.c...
compiling dht11.c...
compiling delay.c...
compiling lcd_rgb.c...
..\Core\Src\lcd_rgb.c(670): warning:  #223-D: function "sprintf" declared implicitly
  		sprintf( Number_Buffer , "%0.*d",len, number );	// 将 number 转换???址?????示		
..\Core\Src\lcd_rgb.c(674): warning:  #223-D: function "sprintf" declared implicitly
  		sprintf( Number_Buffer , "%*d",len, number );	// 将 number 转换???址?????示		
..\Core\Src\lcd_rgb.c(711): warning:  #223-D: function "sprintf" declared implicitly
  		sprintf( Number_Buffer , "%0*.*lf",len,decs, decimals );	// 将 number 转换???址?????示		
..\Core\Src\lcd_rgb.c(715): warning:  #223-D: function "sprintf" declared implicitly
  		sprintf( Number_Buffer , "%*.*lf",len,decs, decimals );	// 将 number 转换???址?????示		
..\Core\Src\lcd_rgb.c: 4 warnings, 0 errors
compiling UI.c...
..\Core\Src\UI.c(48): warning:  #1035-D: single-precision operand implicitly converted to double-precision
  		win1->y_ratio -= win1->y_ratio*0.4;
..\Core\Src\UI.c(62): warning:  #1035-D: single-precision operand implicitly converted to double-precision
  		win1->cursor_y = (win1->loca_y + (float)win1->width*0.8) - (float)(y_raw-win1->y_min_last)*win1->y_ratio;
..\Core\Src\UI.c: 2 warnings, 0 errors
compiling ads1292.c...
compiling ecg_fir.c...
compiling callback.c...
compiling ecg_ana.c...
..\Core\Src\ecg_ana.c(44): warning:  #1035-D: single-precision operand implicitly converted to double-precision
  	ecg_wave_R_threshold = ecg_wave_avr-(float)ecg_wave_avr*0.3;//R波??值 = 1.3*??值
..\Core\Src\ecg_ana.c: 1 warning, 0 errors
compiling mpu6050.c...
compiling mpuiic.c...
compiling gpio.c...
compiling main.c...
../Core/Src/main.c(322): warning:  #1035-D: single-precision operand implicitly converted to double-precision
  			T_avr = T_sum/200.0;
../Core/Src/main.c: 1 warning, 0 errors
compiling inv_mpu_dmp_motion_driver.c...
compiling inv_mpu.c...
compiling adc.c...
compiling dma2d.c...
compiling fmc.c...
compiling ltdc.c...
compiling spi.c...
compiling tim.c...
compiling usart.c...
compiling stm32f4xx_ll_adc.c...
compiling stm32f4xx_it.c...
compiling stm32f4xx_hal_msp.c...
compiling stm32f4xx_hal_adc.c...
compiling stm32f4xx_hal_adc_ex.c...
compiling stm32f4xx_hal_flash.c...
compiling stm32f4xx_hal_rcc.c...
compiling stm32f4xx_hal_rcc_ex.c...
compiling stm32f4xx_hal_flash_ex.c...
compiling stm32f4xx_hal_flash_ramfunc.c...
compiling stm32f4xx_hal_gpio.c...
compiling stm32f4xx_hal_dma_ex.c...
compiling stm32f4xx_hal_dma.c...
compiling stm32f4xx_hal_pwr.c...
compiling stm32f4xx_hal_pwr_ex.c...
compiling stm32f4xx_hal_cortex.c...
compiling stm32f4xx_hal.c...
compiling stm32f4xx_hal_exti.c...
compiling stm32f4xx_hal_dma2d.c...
compiling stm32f4xx_ll_fmc.c...
compiling stm32f4xx_hal_sdram.c...
compiling stm32f4xx_hal_ltdc.c...
compiling stm32f4xx_hal_ltdc_ex.c...
compiling stm32f4xx_hal_dsi.c...
compiling stm32f4xx_hal_spi.c...
compiling system_stm32f4xx.c...
compiling stm32f4xx_hal_tim_ex.c...
compiling stm32f4xx_hal_tim.c...
compiling stm32f4xx_hal_uart.c...
compiling esp8266_mqtt.c...
compiling esp8266_at.c...
linking...
Program Size: Code=38946 RO-data=40846 RW-data=296 ZI-data=11544  
FromELF: creating hex file...
"LTDC\LTDC.axf" - 0 Error(s), 8 Warning(s).

<h2>Software Packages used:</h2>

Package Vendor: ARM
                http://www.keil.com/pack/ARM.CMSIS.4.5.0.pack
                ARM::CMSIS:CORE:4.3.0
                CMSIS (Cortex Microcontroller Software Interface Standard)
   * Component: CORE Version: 4.3.0

<h2>Collection of Component include folders:</h2>
  D:\fireClass\Project\qianrushi\1.0\MDK-ARM\RTE
  E:\keil5\ARM\PACK\ARM\CMSIS\4.5.0\CMSIS\Include
  E:\keil5\ARM\PACK\Keil\STM32F4xx_DFP\2.7.0\Drivers\CMSIS\Device\ST\STM32F4xx\Include

<h2>Collection of Component Files used:</h2>

   * Component: ARM::CMSIS:CORE:4.3.0
Build Time Elapsed:  00:01:49
</pre>
</body>
</html>
